[INFO] Scanning for projects...
[INFO] 
[INFO] ----------< jp.co.skig.training.bookshelf:training-bookshelf >----------
[INFO] Building training-bookshelf 0.0.1-SNAPSHOT
[INFO]   from pom.xml
[INFO] --------------------------------[ jar ]---------------------------------
[INFO] 
[INFO] >>> spring-boot:3.5.8:run (default-cli) > test-compile @ training-bookshelf >>>
[INFO] 
[INFO] --- jacoco:0.8.11:prepare-agent (prepare-agent) @ training-bookshelf ---
[INFO] argLine set to -javaagent:C:\\Users\\hatsu\\.m2\\repository\\org\\jacoco\\org.jacoco.agent\\0.8.11\\org.jacoco.agent-0.8.11-runtime.jar=destfile=C:\\work\\Biz\\workspace\\ai-training\\training-bookshelf\\target\\jacoco.exec
[INFO] 
[INFO] --- resources:3.3.1:resources (default-resources) @ training-bookshelf ---
[INFO] Copying 1 resource from src\main\resources to target\classes
[INFO] Copying 20 resources from src\main\resources to target\classes
[INFO] 
[INFO] --- compiler:3.14.1:compile (default-compile) @ training-bookshelf ---
[INFO] Nothing to compile - all classes are up to date.
[INFO] 
[INFO] --- resources:3.3.1:testResources (default-testResources) @ training-bookshelf ---
[INFO] skip non existing resourceDirectory C:\work\Biz\workspace\ai-training\training-bookshelf\src\test\resources
[INFO] 
[INFO] --- compiler:3.14.1:testCompile (default-testCompile) @ training-bookshelf ---
[INFO] Nothing to compile - all classes are up to date.
[INFO] 
[INFO] <<< spring-boot:3.5.8:run (default-cli) < test-compile @ training-bookshelf <<<
[INFO] 
[INFO] 
[INFO] --- spring-boot:3.5.8:run (default-cli) @ training-bookshelf ---
[INFO] Attaching agents: []

  .   ____          _            __ _ _
 /\\ / ___'_ __ _ _(_)_ __  __ _ \ \ \ \
( ( )\___ | '_ | '_| | '_ \/ _` | \ \ \ \
 \\/  ___)| |_)| | | | | || (_| |  ) ) ) )
  '  |____| .__|_| |_|_| |_\__, | / / / /
 =========|_|==============|___/=/_/_/_/

 :: Spring Boot ::                (v3.5.8)

2026-05-17T09:55:49.450+09:00  INFO 35444 --- [training-bookshelf] [  restartedMain] j.c.s.t.b.TrainingBookshelfApplication   : Starting TrainingBookshelfApplication using Java 21.0.6 with PID 35444 (C:\work\Biz\workspace\ai-training\training-bookshelf\target\classes started by hatsu in C:\work\Biz\workspace\ai-training\training-bookshelf)
2026-05-17T09:55:49.453+09:00  INFO 35444 --- [training-bookshelf] [  restartedMain] j.c.s.t.b.TrainingBookshelfApplication   : No active profile set, falling back to 1 default profile: "default"
2026-05-17T09:55:49.483+09:00  INFO 35444 --- [training-bookshelf] [  restartedMain] .e.DevToolsPropertyDefaultsPostProcessor : Devtools property defaults active! Set 'spring.devtools.add-properties' to 'false' to disable
2026-05-17T09:55:49.484+09:00  INFO 35444 --- [training-bookshelf] [  restartedMain] .e.DevToolsPropertyDefaultsPostProcessor : For additional web related logging consider setting the 'logging.level.web' property to 'DEBUG'
2026-05-17T09:55:50.181+09:00  INFO 35444 --- [training-bookshelf] [  restartedMain] o.s.b.w.embedded.tomcat.TomcatWebServer  : Tomcat initialized with port 8080 (http)
2026-05-17T09:55:50.203+09:00  INFO 35444 --- [training-bookshelf] [  restartedMain] o.apache.catalina.core.StandardService   : Starting service [Tomcat]
2026-05-17T09:55:50.204+09:00  INFO 35444 --- [training-bookshelf] [  restartedMain] o.apache.catalina.core.StandardEngine    : Starting Servlet engine: [Apache Tomcat/10.1.49]
2026-05-17T09:55:50.233+09:00  INFO 35444 --- [training-bookshelf] [  restartedMain] o.a.c.c.C.[Tomcat].[localhost].[/]       : Initializing Spring embedded WebApplicationContext
2026-05-17T09:55:50.234+09:00  INFO 35444 --- [training-bookshelf] [  restartedMain] w.s.c.ServletWebServerApplicationContext : Root WebApplicationContext: initialization completed in 750 ms
2026-05-17T09:55:50.318+09:00  INFO 35444 --- [training-bookshelf] [  restartedMain] com.zaxxer.hikari.HikariDataSource       : HikariPool-1 - Starting...
2026-05-17T09:55:50.454+09:00  INFO 35444 --- [training-bookshelf] [  restartedMain] com.zaxxer.hikari.pool.HikariPool        : HikariPool-1 - Added connection conn0: url=jdbc:h2:mem:testdb user=SA
2026-05-17T09:55:50.465+09:00  INFO 35444 --- [training-bookshelf] [  restartedMain] com.zaxxer.hikari.HikariDataSource       : HikariPool-1 - Start completed.
2026-05-17T09:55:50.895+09:00  INFO 35444 --- [training-bookshelf] [  restartedMain] o.s.b.a.h2.H2ConsoleAutoConfiguration    : H2 console available at '/h2-console'. Database available at 'jdbc:h2:mem:testdb'
2026-05-17T09:55:50.938+09:00  INFO 35444 --- [training-bookshelf] [  restartedMain] o.s.b.d.a.OptionalLiveReloadServer       : LiveReload server is running on port 35729
2026-05-17T09:55:50.958+09:00  INFO 35444 --- [training-bookshelf] [  restartedMain] o.s.b.w.embedded.tomcat.TomcatWebServer  : Tomcat started on port 8080 (http) with context path '/'
2026-05-17T09:55:50.964+09:00  INFO 35444 --- [training-bookshelf] [  restartedMain] j.c.s.t.b.TrainingBookshelfApplication   : Started TrainingBookshelfApplication in 1.797 seconds (process running for 2.066)
2026-05-17T09:55:53.138+09:00  INFO 35444 --- [training-bookshelf] [nio-8080-exec-1] o.a.c.c.C.[Tomcat].[localhost].[/]       : Initializing Spring DispatcherServlet 'dispatcherServlet'
2026-05-17T09:55:53.138+09:00  INFO 35444 --- [training-bookshelf] [nio-8080-exec-1] o.s.web.servlet.DispatcherServlet        : Initializing Servlet 'dispatcherServlet'
2026-05-17T09:55:53.139+09:00  INFO 35444 --- [training-bookshelf] [nio-8080-exec-1] o.s.web.servlet.DispatcherServlet        : Completed initialization in 0 ms
[INFO] ------------------------------------------------------------------------
[INFO] BUILD FAILURE
[INFO] ------------------------------------------------------------------------
[INFO] Total time:  01:44 min
[INFO] Finished at: 2026-05-17T09:57:32+09:00
[INFO] ------------------------------------------------------------------------
[ERROR] Failed to execute goal org.springframework.boot:spring-boot-maven-plugin:3.5.8:run (default-cli) on project training-bookshelf: Process terminated with exit code: -1 -> [Help 1]
[ERROR] 
[ERROR] To see the full stack trace of the errors, re-run Maven with the -e switch.
[ERROR] Re-run Maven using the -X switch to enable full debug logging.
[ERROR] 
[ERROR] For more information about the errors and possible solutions, please read the following articles:
[ERROR] [Help 1] http://cwiki.apache.org/confluence/display/MAVEN/MojoExecutionException
